year
====================
no. reports parsed: 679
no. years covered: 1.1
mean per year: 617.3
median per year: 5.5
IQR of years: [2.0, 117.0]


death categories
====================
no. reports parsed: 684
no. categories in reports: 920
no. categories: 16
mean per category: 57.5
median per category: 41.5
IQR of categories: [32.0, 63.5]


coroner areas
====================
no. parsed reports: 684
no. areas: 79
mean per area: 8.7
median per area: 7.0
IQR of areas: [3.0, 12.5]


coroners' society
====================
no. names in society: 983
names in society with reports: [228.0, 23.2]
names in society without reports: [755.0, 76.8]
coroners in society male: [369.0, 37.5]
coroners in society female: [351.0, 35.7]
coroners in society unknown: [263.0, 26.8]


coroners in reports
====================
reports from male coroners: [328.0, 48.0]
reports from female coroners: [302.0, 44.2]
reports from unknown coroners: [54.0, 7.9]
no. reports parsed: 684
no. coroner names in reports: 235
reports from top 30 names: [260.0, 38.0]
mean per name: 2.9
median per name: 2.0
IQR of names: [1.0, 4.0]
reports from top 400 names: [4770.0, 98.7]
reports from top 10 names: [916.0, 19.0]


this report is sent to
====================
reports parsed: [683.0, 10.9]
reports without recipients: [5593.0, 89.1]
reports failed: [0.0, 0.0]
reports no sent_to: [1.0, 0.0]
reports pending: [5690.0, 90.7]
reports overdue: [90.0, 1.4]
reports partial: [65.0, 1.0]
reports completed: [430.0, 6.9]


requests for response
====================
no. recipients with requests: 560
no. requests for response: 1192
requests pending: [194.0, 16.3]
requests received: [670.0, 56.2]
requests overdue: [328.0, 27.5]
mean no. requests per recipient: 2.1
median no. requests per recipient: 1.0
IQR of requests per recipients: [1.0, 2.0]


